// Jest Snapshot v1, https://goo.gl/fbAQLP

exports[`DateWithTooltip should render the component 1`] = `undefined`;
